Skipping image OS validation for hb__b327899818fedd7c39501e8a1375a78a: docker inspect returned 1
Installing: tmux, asciinema
Detected system: {'os': 'debian-based', 'package_manager': 'apt-get', 'update_command': None}
Installing tools using apt-get: DEBIAN_FRONTEND=noninteractive apt-get update && DEBIAN_FRONTEND=noninteractive apt-get install -y tmux asciinema
Starting recording.
Sending keys: ['asciinema rec --stdin /logs/agent/recording.cast', 'Enter'] min_timeout_sec: 1.0 max_timeout_sec: 180.0
Sending keys: ['clear', 'Enter'] min_timeout_sec: 0.0 max_timeout_sec: 180.0
Parser warnings: - Extra text detected before JSON object
- Extra text detected after JSON object
Sending keys: ['ls -la\n'] min_timeout_sec: 0.1 max_timeout_sec: 180.0
Trajectory dumped to jobs/2026-07-16__17-44-44/swebench-pylint-unrecognized-opt__94zj4f8/agent/trajectory.json
Parser warnings: - Extra text detected before JSON object
- Extra text detected after JSON object
Sending keys: ['ls -la pylint\n'] min_timeout_sec: 0.1 max_timeout_sec: 180.0
Sending keys: ['cat pylint/config/config_initialization.py\n'] min_timeout_sec: 0.1 max_timeout_sec: 180.0
Trajectory dumped to jobs/2026-07-16__17-44-44/swebench-pylint-unrecognized-opt__94zj4f8/agent/trajectory.json
Parser warnings: - Extra text detected before JSON object
- Extra text detected after JSON object
Sending keys: ['cat pylint/config/exceptions.py\n'] min_timeout_sec: 0.1 max_timeout_sec: 180.0
Sending keys: ['cat pylint/__init__.py\n'] min_timeout_sec: 0.1 max_timeout_sec: 180.0
Sending keys: ['cat pylint/__main__.py\n'] min_timeout_sec: 0.1 max_timeout_sec: 180.0
Trajectory dumped to jobs/2026-07-16__17-44-44/swebench-pylint-unrecognized-opt__94zj4f8/agent/trajectory.json
Parser warnings: - Extra text detected before JSON object
- Extra text detected after JSON object
Sending keys: ['ls -la pylint/lint/\n'] min_timeout_sec: 0.1 max_timeout_sec: 180.0
Sending keys: ['grep -r "unrecognized-option" tests/ --include="*.py" -l\n'] min_timeout_sec: 0.1 max_timeout_sec: 180.0
Trajectory dumped to jobs/2026-07-16__17-44-44/swebench-pylint-unrecognized-opt__94zj4f8/agent/trajectory.json
Parser warnings: - Extra text detected before JSON object
- Extra text detected after JSON object
Sending keys: ['cat pylint/lint/run.py\n'] min_timeout_sec: 0.1 max_timeout_sec: 180.0
Sending keys: ['ls -la tests/\n'] min_timeout_sec: 0.1 max_timeout_sec: 180.0
Trajectory dumped to jobs/2026-07-16__17-44-44/swebench-pylint-unrecognized-opt__94zj4f8/agent/trajectory.json
Parser warnings: - Extra text detected before JSON object
- Extra text detected after JSON object
Sending keys: ['grep -n "unrecognized-option\\|unrecognized_option\\|_UnrecognizedOptionError" tests/test_self.py\n'] min_timeout_sec: 0.1 max_timeout_sec: 180.0
Sending keys: ['grep -rn "unrecognized" tests/config/ 2>/dev/null | head -20\n'] min_timeout_sec: 0.1 max_timeout_sec: 180.0
Trajectory dumped to jobs/2026-07-16__17-44-44/swebench-pylint-unrecognized-opt__94zj4f8/agent/trajectory.json
Parser warnings: - Extra text detected before JSON object
- Extra text detected after JSON object
Sending keys: ['cat tests/config/test_argparse_config.py\n'] min_timeout_sec: 0.1 max_timeout_sec: 180.0
Sending keys: ['cat tests/config/functional/toml/toml_with_unknown_option.2.out\n'] min_timeout_sec: 0.1 max_timeout_sec: 180.0
Trajectory dumped to jobs/2026-07-16__17-44-44/swebench-pylint-unrecognized-opt__94zj4f8/agent/trajectory.json
Parser warnings: - Extra text detected before JSON object
- Extra text detected after JSON object
Sending keys: ['grep -n "def add_message\\|def _add_message" pylint/lint/pylinter.py | head -10\n'] min_timeout_sec: 0.1 max_timeout_sec: 180.0
Sending keys: ["sed -n '580,620p' pylint/lint/pylinter.py\n"] min_timeout_sec: 0.1 max_timeout_sec: 180.0
Trajectory dumped to jobs/2026-07-16__17-44-44/swebench-pylint-unrecognized-opt__94zj4f8/agent/trajectory.json
Parser warnings: - Extra text detected before JSON object
- Extra text detected after JSON object
Sending keys: ["sed -n '1317,1360p' pylint/lint/pylinter.py\n"] min_timeout_sec: 0.1 max_timeout_sec: 180.0
Trajectory dumped to jobs/2026-07-16__17-44-44/swebench-pylint-unrecognized-opt__94zj4f8/agent/trajectory.json
Parser warnings: - Extra text detected before JSON object
- Extra text detected after JSON object
Sending keys: ['grep -n "def _add_one_message\\|def _add_message" pylint/lint/pylinter.py\n'] min_timeout_sec: 0.1 max_timeout_sec: 180.0
Sending keys: ["sed -n '1370,1420p' pylint/lint/pylinter.py\n"] min_timeout_sec: 0.1 max_timeout_sec: 180.0
Trajectory dumped to jobs/2026-07-16__17-44-44/swebench-pylint-unrecognized-opt__94zj4f8/agent/trajectory.json
Parser warnings: - Extra text detected before JSON object
- Extra text detected after JSON object
Sending keys: ["sed -n '1221,1280p' pylint/lint/pylinter.py\n"] min_timeout_sec: 0.1 max_timeout_sec: 180.0
Trajectory dumped to jobs/2026-07-16__17-44-44/swebench-pylint-unrecognized-opt__94zj4f8/agent/trajectory.json
Parser warnings: - Extra text detected before JSON object
- Extra text detected after JSON object
Sending keys: ["sed -n '1280,1320p' pylint/lint/pylinter.py\n"] min_timeout_sec: 0.1 max_timeout_sec: 180.0
Trajectory dumped to jobs/2026-07-16__17-44-44/swebench-pylint-unrecognized-opt__94zj4f8/agent/trajectory.json
Parser warnings: - Extra text detected before JSON object
- Extra text detected after JSON object
Sending keys: ['cd /app && python3 -c "\n# Test the fix first by understanding the expected behavior\n# Let\'s simulate what happens\n"\n'] min_timeout_sec: 0.2 max_timeout_sec: 180.0
Trajectory dumped to jobs/2026-07-16__17-44-44/swebench-pylint-unrecognized-opt__94zj4f8/agent/trajectory.json
Parser warnings: - Extra text detected before JSON object
- Extra text detected after JSON object
Sending keys: ['cat -n pylint/config/config_initialization.py | tail -20\n'] min_timeout_sec: 0.1 max_timeout_sec: 180.0
Trajectory dumped to jobs/2026-07-16__17-44-44/swebench-pylint-unrecognized-opt__94zj4f8/agent/trajectory.json
Parser warnings: - Extra text detected before JSON object
- Extra text detected after JSON object
Sending keys: ['cd /app && python3 -m pytest tests/config/test_argparse_config.py -x -v 2>&1 | head -40\n'] min_timeout_sec: 2.0 max_timeout_sec: 180.0
Trajectory dumped to jobs/2026-07-16__17-44-44/swebench-pylint-unrecognized-opt__94zj4f8/agent/trajectory.json
Parser warnings: - Extra text detected before JSON object
- Extra text detected after JSON object
Sending keys: ["cd /app && sed -i 's/raise _UnrecognizedOptionError(options=unrecognized_options)/sys.exit(32)/' pylint/config/config_initialization.py\n"] min_timeout_sec: 0.1 max_timeout_sec: 180.0
Sending keys: ['cat -n pylint/config/config_initialization.py | tail -30\n'] min_timeout_sec: 0.1 max_timeout_sec: 180.0
Trajectory dumped to jobs/2026-07-16__17-44-44/swebench-pylint-unrecognized-opt__94zj4f8/agent/trajectory.json
Parser warnings: - Extra text detected before JSON object
- Extra text detected after JSON object
Sending keys: ['cd /app && python3 -m pylint -Q 2>&1 || true\n'] min_timeout_sec: 1.0 max_timeout_sec: 180.0
Trajectory dumped to jobs/2026-07-16__17-44-44/swebench-pylint-unrecognized-opt__94zj4f8/agent/trajectory.json
Parser warnings: - Extra text detected before JSON object
- Extra text detected after JSON object
Sending keys: ['cd /app && git log --oneline -10 2>/dev/null || echo "No git log available"\n'] min_timeout_sec: 0.2 max_timeout_sec: 180.0
Sending keys: ['cd /app && git diff HEAD --name-only 2>/dev/null\n'] min_timeout_sec: 0.2 max_timeout_sec: 180.0
Trajectory dumped to jobs/2026-07-16__17-44-44/swebench-pylint-unrecognized-opt__94zj4f8/agent/trajectory.json
Parser warnings: - Extra text detected before JSON object
- Extra text detected after JSON object
Sending keys: ['cd /app && git status\n'] min_timeout_sec: 0.1 max_timeout_sec: 180.0
Sending keys: ['cd /app && git diff\n'] min_timeout_sec: 0.1 max_timeout_sec: 180.0
Trajectory dumped to jobs/2026-07-16__17-44-44/swebench-pylint-unrecognized-opt__94zj4f8/agent/trajectory.json
Parser warnings: - Extra text detected before JSON object
- Extra text detected after JSON object
Sending keys: ['cd /app && python3 -m pytest tests/ -x -v 2>&1 | tail -50\n'] min_timeout_sec: 5.0 max_timeout_sec: 180.0
Trajectory dumped to jobs/2026-07-16__17-44-44/swebench-pylint-unrecognized-opt__94zj4f8/agent/trajectory.json
Parser warnings: - Extra text detected before JSON object
- Extra text detected after JSON object
Sending keys: ['cd /app && python3 -m pytest tests/ -x -v 2>&1 | tail -60\n'] min_timeout_sec: 10.0 max_timeout_sec: 180.0
Trajectory dumped to jobs/2026-07-16__17-44-44/swebench-pylint-unrecognized-opt__94zj4f8/agent/trajectory.json
Parser warnings: - Extra text detected before JSON object
- Extra text detected after JSON object
Sending keys: ['cd /app && grep -rn "_UnrecognizedOptionError\\|unrecognized" --include="*.py" | grep -v "__pycache__" | grep -v ".pyc"\n'] min_timeout_sec: 0.5 max_timeout_sec: 180.0
Trajectory dumped to jobs/2026-07-16__17-44-44/swebench-pylint-unrecognized-opt__94zj4f8/agent/trajectory.json
Parser warnings: - Extra text detected before JSON object
- Extra text detected after JSON object
Sending keys: ['cat tests/config/test_config.py\n'] min_timeout_sec: 0.1 max_timeout_sec: 180.0
Trajectory dumped to jobs/2026-07-16__17-44-44/swebench-pylint-unrecognized-opt__94zj4f8/agent/trajectory.json
Parser warnings: - Extra text detected before JSON object
- Extra text detected after JSON object
Sending keys: ['cd /app && python3 -m pytest tests/config/test_config.py::test_unknown_option_name tests/config/test_config.py::test_unknown_short_option_name -v 2>&1\n'] min_timeout_sec: 2.0 max_timeout_sec: 180.0
Trajectory dumped to jobs/2026-07-16__17-44-44/swebench-pylint-unrecognized-opt__94zj4f8/agent/trajectory.json
Parser warnings: - Extra text detected before JSON object
- Extra text detected after JSON object
Sending keys: ['cd /app && git checkout -- pylint/config/config_initialization.py\n'] min_timeout_sec: 0.1 max_timeout_sec: 180.0
Sending keys: ['cd /app && python3 -m pytest tests/ -x -v -k "unrecognized" 2>&1\n'] min_timeout_sec: 3.0 max_timeout_sec: 180.0
Trajectory dumped to jobs/2026-07-16__17-44-44/swebench-pylint-unrecognized-opt__94zj4f8/agent/trajectory.json
Parser warnings: - Extra text detected before JSON object
- Extra text detected after JSON object
Sending keys: ['cd /app && python3 -m pytest tests/config/ -v 2>&1\n'] min_timeout_sec: 3.0 max_timeout_sec: 180.0
Trajectory dumped to jobs/2026-07-16__17-44-44/swebench-pylint-unrecognized-opt__94zj4f8/agent/trajectory.json
Parser warnings: - Extra text detected before JSON object
- Extra text detected after JSON object
Sending keys: ['cd /app && python3 -m pylint -Q 2>&1 | tail -30\n'] min_timeout_sec: 1.0 max_timeout_sec: 180.0
Trajectory dumped to jobs/2026-07-16__17-44-44/swebench-pylint-unrecognized-opt__94zj4f8/agent/trajectory.json
Parser warnings: - Extra text detected before JSON object
- Extra text detected after JSON object
Sending keys: ['ls -la tests/config/functional/toml/\n'] min_timeout_sec: 0.1 max_timeout_sec: 180.0
Sending keys: ['cat tests/config/functional/toml/toml_with_unknown_option.toml\n'] min_timeout_sec: 0.1 max_timeout_sec: 180.0
Sending keys: ['cat tests/config/functional/toml/toml_with_unknown_option.2.out\n'] min_timeout_sec: 0.1 max_timeout_sec: 180.0
Trajectory dumped to jobs/2026-07-16__17-44-44/swebench-pylint-unrecognized-opt__94zj4f8/agent/trajectory.json
Parser warnings: - Extra text detected before JSON object
- Extra text detected after JSON object
Sending keys: ['cd /app && grep -rn "-Q\\|unknown-option" tests/ --include="*.py" --include="*.txt" --include="*.out" 2>/dev/null | head -20\n'] min_timeout_sec: 0.3 max_timeout_sec: 180.0
Trajectory dumped to jobs/2026-07-16__17-44-44/swebench-pylint-unrecognized-opt__94zj4f8/agent/trajectory.json
Parser warnings: - Extra text detected before JSON object
- Extra text detected after JSON object
Sending keys: ['cd /app && grep -rn "run_pylint\\|_config_initialization" tests/ --include="*.py" 2>/dev/null\n'] min_timeout_sec: 0.3 max_timeout_sec: 180.0
Trajectory dumped to jobs/2026-07-16__17-44-44/swebench-pylint-unrecognized-opt__94zj4f8/agent/trajectory.json
Parser warnings: - Extra text detected before JSON object
- Extra text detected after JSON object
Sending keys: ['cd /app && python3 -m pytest tests/ --ignore=tests/test_pylint_runners.py -v 2>&1 | grep -E "FAILED|ERROR|PASSED|test session" | head -30\n'] min_timeout_sec: 20.0 max_timeout_sec: 180.0
Trajectory dumped to jobs/2026-07-16__17-44-44/swebench-pylint-unrecognized-opt__94zj4f8/agent/trajectory.json
Parser warnings: - Extra text detected before JSON object
- Extra text detected after JSON object
Sending keys: ['cd /app && python3 -m pytest tests/test_self.py -v 2>&1 | tail -40\n'] min_timeout_sec: 3.0 max_timeout_sec: 180.0
Trajectory dumped to jobs/2026-07-16__17-44-44/swebench-pylint-unrecognized-opt__94zj4f8/agent/trajectory.json
Parser warnings: - Extra text detected before JSON object
- Extra text detected after JSON object
Sending keys: ["sed -n '230,260p' pylint/config/arguments_manager.py\n"] min_timeout_sec: 0.1 max_timeout_sec: 180.0
Trajectory dumped to jobs/2026-07-16__17-44-44/swebench-pylint-unrecognized-opt__94zj4f8/agent/trajectory.json
Parser warnings: - Extra text detected before JSON object
- Extra text detected after JSON object
Sending keys: ['cat pylint/testutils/_run.py\n'] min_timeout_sec: 0.1 max_timeout_sec: 180.0
Trajectory dumped to jobs/2026-07-16__17-44-44/swebench-pylint-unrecognized-opt__94zj4f8/agent/trajectory.json
Parser warnings: - Extra text detected before JSON object
- Extra text detected after JSON object
Sending keys: ['cd /app && find tests -name "*.out" -exec grep -l "unrecognized-option" {} \\;\n'] min_timeout_sec: 0.2 max_timeout_sec: 180.0
Sending keys: ['cd /app && find tests -name "*.txt" -exec grep -l "unrecognized-option" {} \\;\n'] min_timeout_sec: 0.2 max_timeout_sec: 180.0
Trajectory dumped to jobs/2026-07-16__17-44-44/swebench-pylint-unrecognized-opt__94zj4f8/agent/trajectory.json
Parser warnings: - Extra text detected before JSON object
- Extra text detected after JSON object
Sending keys: ['cd /app && grep -rn "\\"-Q\\"\\|\'-Q\'" tests/ --include="*.py" 2>/dev/null\n'] min_timeout_sec: 0.2 max_timeout_sec: 180.0
Trajectory dumped to jobs/2026-07-16__17-44-44/swebench-pylint-unrecognized-opt__94zj4f8/agent/trajectory.json
Parser warnings: - Extra text detected before JSON object
- Extra text detected after JSON object
Sending keys: ['cd /app && grep -rn "config_initialization" tests/ --include="*.py" 2>/dev/null\n'] min_timeout_sec: 0.2 max_timeout_sec: 180.0
Trajectory dumped to jobs/2026-07-16__17-44-44/swebench-pylint-unrecognized-opt__94zj4f8/agent/trajectory.json
Parser warnings: - Extra text detected before JSON object
- Extra text detected after JSON object
Sending keys: ['cat -n pylint/__init__.py\n'] min_timeout_sec: 0.1 max_timeout_sec: 180.0
Trajectory dumped to jobs/2026-07-16__17-44-44/swebench-pylint-unrecognized-opt__94zj4f8/agent/trajectory.json
Parser warnings: - Extra text detected before JSON object
- Extra text detected after JSON object
Sending keys: ['cd /app && python3 -c "from pylint.config.exceptions import _UnrecognizedOptionError; print(\'OK\')"\n'] min_timeout_sec: 0.3 max_timeout_sec: 180.0
Trajectory dumped to jobs/2026-07-16__17-44-44/swebench-pylint-unrecognized-opt__94zj4f8/agent/trajectory.json
Parser warnings: - Extra text detected before JSON object
- Extra text detected after JSON object
Sending keys: ['cd /app && python3 -c "import sys; sys.path.insert(0, \'.\'); from pylint.config.exceptions import _UnrecognizedOptionError; print(\'OK\')"\n'] min_timeout_sec: 0.3 max_timeout_sec: 180.0
Trajectory dumped to jobs/2026-07-16__17-44-44/swebench-pylint-unrecognized-opt__94zj4f8/agent/trajectory.json
Parser warnings: - Extra text detected before JSON object
- Extra text detected after JSON object
Sending keys: ['cd /app && python3 -m pylint --help 2>&1 | head -20\n'] min_timeout_sec: 1.0 max_timeout_sec: 180.0
Trajectory dumped to jobs/2026-07-16__17-44-44/swebench-pylint-unrecognized-opt__94zj4f8/agent/trajectory.json
Parser warnings: - Extra text detected before JSON object
- Extra text detected after JSON object
Sending keys: ['ls -la pylint/checkers/\n'] min_timeout_sec: 0.1 max_timeout_sec: 180.0
Trajectory dumped to jobs/2026-07-16__17-44-44/swebench-pylint-unrecognized-opt__94zj4f8/agent/trajectory.json
Parser warnings: - Extra text detected before JSON object
- Extra text detected after JSON object
Sending keys: ['cd /app && python3 -c "\n# Let\'s verify the current test passes before any changes\nimport sys\nsys.path.insert(0, \'.\')\nfrom pylint.config.exceptions import _UnrecognizedOptionError\nprint(\'Import works\')\n"\n'] min_timeout_sec: 0.3 max_timeout_sec: 180.0
Trajectory dumped to jobs/2026-07-16__17-44-44/swebench-pylint-unrecognized-opt__94zj4f8/agent/trajectory.json
Parser warnings: - Extra text detected before JSON object
- Extra text detected after JSON object
Sending keys: ['cd /app && python3 -c "from pylint.config.exceptions import _UnrecognizedOptionError; print(\'ok\')"\n'] min_timeout_sec: 0.3 max_timeout_sec: 180.0
Trajectory dumped to jobs/2026-07-16__17-44-44/swebench-pylint-unrecognized-opt__94zj4f8/agent/trajectory.json
Parser warnings: - Extra text detected before JSON object
- Extra text detected after JSON object
Sending keys: ["cd /app && cat > /tmp/modify_init.py << 'EOF'\nimport sys\nsys.path.insert(0, '.')\n\n# Read the file\nwith open('pylint/__init__.py', 'r') as f:\n    content = f.read()\n\n# Modify run_pylint to catch _UnrecognizedOptionError\nold = '''    try:\n        PylintRun(argv or sys.argv[1:])\n    except KeyboardInterrupt:\n        sys.exit(1)'''\nnew = '''    try:\n        PylintRun(argv or sys.argv[1:])\n    except KeyboardInterrupt:\n        sys.exit(1)\n    except Exception as ex:\n        if hasattr(ex, 'options'):\n            sys.exit(32)\n        raise'''\n\nif old in content:\n    content = content.replace(old, new)\n    with open('pylint/__init__.py', 'w') as f:\n        f.write(content)\n    print('Modified successfully')\nelse:\n    print('Could not find the target code')\n    print(content)\nEOF\npython3 /tmp/modify_init.py\n"] min_timeout_sec: 0.3 max_timeout_sec: 180.0
Trajectory dumped to jobs/2026-07-16__17-44-44/swebench-pylint-unrecognized-opt__94zj4f8/agent/trajectory.json
Parser warnings: - Extra text detected before JSON object
- Extra text detected after JSON object
Sending keys: ['cat -n pylint/__init__.py\n'] min_timeout_sec: 0.1 max_timeout_sec: 180.0
Trajectory dumped to jobs/2026-07-16__17-44-44/swebench-pylint-unrecognized-opt__94zj4f8/agent/trajectory.json
Parser warnings: - Extra text detected before JSON object
- Extra text detected after JSON object
Sending keys: ['cd /app && python3 -m pytest tests/config/ -v 2>&1\n'] min_timeout_sec: 3.0 max_timeout_sec: 180.0
Trajectory dumped to jobs/2026-07-16__17-44-44/swebench-pylint-unrecognized-opt__94zj4f8/agent/trajectory.json
Parser warnings: - Extra text detected before JSON object
- Extra text detected after JSON object
Sending keys: [''] min_timeout_sec: 3.0 max_timeout_sec: 180.0
Trajectory dumped to jobs/2026-07-16__17-44-44/swebench-pylint-unrecognized-opt__94zj4f8/agent/trajectory.json
Parser warnings: - Extra text detected before JSON object
- Extra text detected after JSON object
Sending keys: ['cd /app && grep -rn "subprocess\\|popen\\|run_pylint\\|\\-Q" tests/ --include="*.py" | grep -v ".pyc" | head -20\n'] min_timeout_sec: 0.3 max_timeout_sec: 180.0
Trajectory dumped to jobs/2026-07-16__17-44-44/swebench-pylint-unrecognized-opt__94zj4f8/agent/trajectory.json
Parser warnings: - Extra text detected before JSON object
- Extra text detected after JSON object
Sending keys: ['cat tests/functional/u/useless/useless_suppression.py\n'] min_timeout_sec: 0.1 max_timeout_sec: 180.0
Trajectory dumped to jobs/2026-07-16__17-44-44/swebench-pylint-unrecognized-opt__94zj4f8/agent/trajectory.json
Parser warnings: - Extra text detected before JSON object
- Extra text detected after JSON object
Sending keys: ['cd /app && git checkout -- pylint/*.py\n'] min_timeout_sec: 0.1 max_timeout_sec: 180.0
Sending keys: ['cd /app && cat > /tmp/test_fix.py << \'EOF\'\nimport sys\nsys.path.insert(0, \'.\')\n\n# Let\'s trace what happens when we run with -Q\nfrom pylint.config.config_initialization import _config_initialization\nfrom pylint.lint import PyLinter\nfrom pylint.lint.run import Run\n\n# Let\'s just test what happens\nimport traceback\ntry:\n    Run([\'--unknown-option=yes\'], exit=False)\nexcept Exception as e:\n    print(f"Exception type: {type(e).__name__}")\n    print(f"Exception: {e}")\n    traceback.print_exc()\nEOF\npython3 /tmp/test_fix.py 2>&1\n'] min_timeout_sec: 1.0 max_timeout_sec: 180.0
Trajectory dumped to jobs/2026-07-16__17-44-44/swebench-pylint-unrecognized-opt__94zj4f8/agent/trajectory.json
Parser warnings: - Extra text detected before JSON object
- Extra text detected after JSON object
Sending keys: ['cd /app && git log --all --oneline | head -20\n'] min_timeout_sec: 0.3 max_timeout_sec: 180.0
Sending keys: ['cd /app && git diff HEAD~1 -- pylint/config/config_initialization.py 2>/dev/null | head -40\n'] min_timeout_sec: 0.3 max_timeout_sec: 180.0
Trajectory dumped to jobs/2026-07-16__17-44-44/swebench-pylint-unrecognized-opt__94zj4f8/agent/trajectory.json
Parser warnings: - Extra text detected before JSON object
- Extra text detected after JSON object
Sending keys: ['cd /app && python3 -c "\nimport sys\n# The sys.path manipulation in __main__.py removes the current directory\n# Let\'s see what paths are available\nfor p in sys.path:\n    print(p)\n"\n'] min_timeout_sec: 0.3 max_timeout_sec: 180.0
Trajectory dumped to jobs/2026-07-16__17-44-44/swebench-pylint-unrecognized-opt__94zj4f8/agent/trajectory.json
Parser warnings: - Extra text detected before JSON object
- Extra text detected after JSON object
Sending keys: ['cd /app && cat > /tmp/modify_init2.py << \'EOF\'\nimport sys\nsys.path.insert(0, \'.\')\n\n# Read the file\nwith open(\'pylint/__init__.py\', \'r\') as f:\n    content = f.read()\n\n# The current content after git checkout (we reverted)\nprint("Current content:")\nprint(content)\nprint("---")\nEOF\npython3 /tmp/modify_init2.py\n'] min_timeout_sec: 0.3 max_timeout_sec: 180.0
Trajectory dumped to jobs/2026-07-16__17-44-44/swebench-pylint-unrecognized-opt__94zj4f8/agent/trajectory.json
Parser warnings: - Extra text detected before JSON object
- Extra text detected after JSON object
Sending keys: ['cd /app && cat > /tmp/apply_fix.py << \'EOF\'\nimport sys\nsys.path.insert(0, \'.\')\n\n# Read the file\nwith open(\'pylint/__init__.py\', \'r\') as f:\n    content = f.read()\n\n# We need to add the import and modify run_pylint\nold_import = \'from pylint.__pkginfo__ import __version__\'\nnew_import = \'\'\'from pylint.__pkginfo__ import __version__\nfrom pylint.config.exceptions import _UnrecognizedOptionError\'\'\'\n\ncontent = content.replace(old_import, new_import)\n\n# Now modify run_pylint\nold_function = \'\'\'def run_pylint(argv: Sequence[str] | None = None) -> None:\n    """Run pylint.\n\n    argv can be a sequence of strings normally supplied as arguments on the command line\n    """\n    from pylint.lint import Run as PylintRun\n\n    try:\n        PylintRun(argv or sys.argv[1:])\n    except KeyboardInterrupt:\n        sys.exit(1)\'\'\'\n\nnew_function = \'\'\'def run_pylint(argv: Sequence[str] | None = None) -> None:\n    """Run pylint.\n\n    argv can be a sequence of strings normally supplied as arguments on the command line\n    """\n    from pylint.lint import Run as PylintRun\n\n    try:\n        PylintRun(argv or sys.argv[1:])\n    except KeyboardInterrupt:\n        sys.exit(1)\n    except _UnrecognizedOptionError:\n        sys.exit(32)\'\'\'\n\nif old_import in content:\n    content = content.replace(old_import, new_import)\nelse:\n    print("Could not find import line")\n    \nif old_function in content:\n    content = content.replace(old_function, new_function)\nelse:\n    print("Could not find function")\n    # Try to find the function with different spacing\n    print("Searching for \'def run_pylint\'...")\n    if \'def run_pylint\' in content:\n        print("Found!")\n    else:\n        print("Not found!")\n\nwith open(\'pylint/__init__.py\', \'w\') as f:\n    f.write(content)\nprint("Done!")\nEOF\npython3 /tmp/apply_fix.py\n'] min_timeout_sec: 0.3 max_timeout_sec: 180.0
Trajectory dumped to jobs/2026-07-16__17-44-44/swebench-pylint-unrecognized-opt__94zj4f8/agent/trajectory.json
Parser warnings: - Extra text detected before JSON object
- Extra text detected after JSON object
Sending keys: ['cat -n pylint/__init__.py\n'] min_timeout_sec: 0.1 max_timeout_sec: 180.0
Trajectory dumped to jobs/2026-07-16__17-44-44/swebench-pylint-unrecognized-opt__94zj4f8/agent/trajectory.json
Parser warnings: - Extra text detected before JSON object
- Extra text detected after JSON object
Sending keys: ['head -30 pylint/__init__.py\n'] min_timeout_sec: 0.1 max_timeout_sec: 180.0
Trajectory dumped to jobs/2026-07-16__17-44-44/swebench-pylint-unrecognized-opt__94zj4f8/agent/trajectory.json
Parser warnings: - Extra text detected before JSON object
- Extra text detected after JSON object
Sending keys: ['cd /app && python3 << \'EOF\'\nwith open(\'pylint/__init__.py\', \'r\') as f:\n    content = f.read()\n\n# Remove duplicate import\ncontent = content.replace(\'from pylint.config.exceptions import _UnrecognizedOptionError\\nfrom pylint.config.exceptions import _UnrecognizedOptionError\\n\', \'from pylint.config.exceptions import _UnrecognizedOptionError\\n\')\n\n# Fix the incomplete except clause\nold_except = \'\'\'    except _UnrecognizedOptionError:\n\n\n\n\'\'\'\nnew_except = \'\'\'    except _UnrecognizedOptionError:\n        sys.exit(32)\n\n\n\'\'\'\n\nif old_except in content:\n    content = content.replace(old_except, new_except)\nelse:\n    print("Could not find the incomplete except")\n    # Let\'s see what\'s there\n    import re\n    match = re.search(r\'except _UnrecognizedOptionError:.*?(?=\\n\\n)\', content, re.DOTALL)\n    if match:\n        print("Found:", repr(match.group()))\n\nwith open(\'pylint/__init__.py\', \'w\') as f:\n    f.write(content)\nprint("Done")\nEOF\n'] min_timeout_sec: 0.3 max_timeout_sec: 180.0
Trajectory dumped to jobs/2026-07-16__17-44-44/swebench-pylint-unrecognized-opt__94zj4f8/agent/trajectory.json
Parser warnings: - Extra text detected before JSON object
- Extra text detected after JSON object
Sending keys: ['cat -n pylint/__init__.py\n'] min_timeout_sec: 0.1 max_timeout_sec: 180.0
Trajectory dumped to jobs/2026-07-16__17-44-44/swebench-pylint-unrecognized-opt__94zj4f8/agent/trajectory.json
Parser warnings: - Extra text detected before JSON object
- Extra text detected after JSON object
Sending keys: ['head -35 pylint/__init__.py\n'] min_timeout_sec: 0.1 max_timeout_sec: 180.0
Trajectory dumped to jobs/2026-07-16__17-44-44/swebench-pylint-unrecognized-opt__94zj4f8/agent/trajectory.json
Parser warnings: - Extra text detected before JSON object
- Extra text detected after JSON object
Sending keys: ['cd /app && python3 -m pytest tests/config/ -v 2>&1 | tail -20\n'] min_timeout_sec: 3.0 max_timeout_sec: 180.0
Trajectory dumped to jobs/2026-07-16__17-44-44/swebench-pylint-unrecognized-opt__94zj4f8/agent/trajectory.json
Parser warnings: - Extra text detected before JSON object
- Extra text detected after JSON object
Sending keys: [''] min_timeout_sec: 3.0 max_timeout_sec: 180.0
Trajectory dumped to jobs/2026-07-16__17-44-44/swebench-pylint-unrecognized-opt__94zj4f8/agent/trajectory.json
Parser warnings: - Extra text detected before JSON object
- Extra text detected after JSON object
- Command 1 should end with newline when followed by another command. Otherwise the two commands will be concatenated together on the same line.
Sending keys: ['C-c'] min_timeout_sec: 0.2 max_timeout_sec: 180.0
Sending keys: ['cd /app && python3 -m pytest tests/config/test_config.py -v 2>&1\n'] min_timeout_sec: 3.0 max_timeout_sec: 180.0
Trajectory dumped to jobs/2026-07-16__17-44-44/swebench-pylint-unrecognized-opt__94zj4f8/agent/trajectory.json
Parser warnings: - Extra text detected before JSON object
- Extra text detected after JSON object
Sending keys: ['cd /app && grep -rn "subprocess\\|check_call\\|popen" tests/ --include="*.py" | grep -v "functional" | grep -v "#" | head -10\n'] min_timeout_sec: 0.3 max_timeout_sec: 180.0
Trajectory dumped to jobs/2026-07-16__17-44-44/swebench-pylint-unrecognized-opt__94zj4f8/agent/trajectory.json
Parser warnings: - Extra text detected before JSON object
- Extra text detected after JSON object
Sending keys: ['cat tests/test_pylint_runners.py\n'] min_timeout_sec: 0.1 max_timeout_sec: 180.0
Trajectory dumped to jobs/2026-07-16__17-44-44/swebench-pylint-unrecognized-opt__94zj4f8/agent/trajectory.json
Parser warnings: - Extra text detected before JSON object
- Extra text detected after JSON object
Sending keys: ['grep -n "raise _UnrecognizedOptionError\\|raise _UnrecognizedOptionError" pylint/**/*.py 2>/dev/null\n'] min_timeout_sec: 0.2 max_timeout_sec: 180.0
Trajectory dumped to jobs/2026-07-16__17-44-44/swebench-pylint-unrecognized-opt__94zj4f8/agent/trajectory.json
Parser warnings: - Extra text detected before JSON object
- Extra text detected after JSON object
Sending keys: ['cat -n pylint/__init__.py | head -35\n'] min_timeout_sec: 0.1 max_timeout_sec: 180.0
Sending keys: ['cd /app && python3 -m pytest tests/config/test_config.py::test_unknown_option_name tests/config/test_config.py::test_unknown_short_option_name -v 2>&1\n'] min_timeout_sec: 2.0 max_timeout_sec: 180.0
Trajectory dumped to jobs/2026-07-16__17-44-44/swebench-pylint-unrecognized-opt__94zj4f8/agent/trajectory.json
Parser warnings: - Extra text detected before JSON object
- Extra text detected after JSON object
Sending keys: ['cd /app && grep -rn "_config_initialization" --include="*.py" | grep -v "test" | grep -v ".pyc"\n'] min_timeout_sec: 0.2 max_timeout_sec: 180.0
Trajectory dumped to jobs/2026-07-16__17-44-44/swebench-pylint-unrecognized-opt__94zj4f8/agent/trajectory.json
Parser warnings: - Extra text detected before JSON object
- Extra text detected after JSON object
Trajectory dumped to jobs/2026-07-16__17-44-44/swebench-pylint-unrecognized-opt__94zj4f8/agent/trajectory.json
Parser warnings: - Extra text detected before JSON object
- Extra text detected after JSON object
Trajectory dumped to jobs/2026-07-16__17-44-44/swebench-pylint-unrecognized-opt__94zj4f8/agent/trajectory.json
Trajectory dumped to jobs/2026-07-16__17-44-44/swebench-pylint-unrecognized-opt__94zj4f8/agent/trajectory.json
Collecting main service artifacts
