Skipping image OS validation for hb__1e8c0036df2ab6a2125d79ccd77087bc: docker inspect returned 1
Installing: tmux, asciinema
Detected system: {'os': 'debian-based', 'package_manager': 'apt-get', 'update_command': None}
Installing tools using apt-get: DEBIAN_FRONTEND=noninteractive apt-get update && DEBIAN_FRONTEND=noninteractive apt-get install -y tmux asciinema
Starting recording.
Sending keys: ['asciinema rec --stdin /logs/agent/recording.cast', 'Enter'] min_timeout_sec: 1.0 max_timeout_sec: 180.0
Sending keys: ['clear', 'Enter'] min_timeout_sec: 0.0 max_timeout_sec: 180.0
Sending keys: ['ls -la\n'] min_timeout_sec: 0.1 max_timeout_sec: 180.0
Sending keys: ['find . -name "*.py" | head -50\n'] min_timeout_sec: 0.1 max_timeout_sec: 180.0
Trajectory dumped to jobs/2026-07-16__18-43-00/harbor_tasks__ubZ7bLM/agent/trajectory.json
Sending keys: ['cat pylint/config/config_initialization.py\n'] min_timeout_sec: 0.1 max_timeout_sec: 180.0
Sending keys: ['cat pylint/config/exceptions.py\n'] min_timeout_sec: 0.1 max_timeout_sec: 180.0
Trajectory dumped to jobs/2026-07-16__18-43-00/harbor_tasks__ubZ7bLM/agent/trajectory.json
Sending keys: ['grep -r "unrecognized-option" tests/ --include="*.py" -l\n'] min_timeout_sec: 0.1 max_timeout_sec: 180.0
Sending keys: ['grep -r "_UnrecognizedOptionError" tests/ --include="*.py" -l\n'] min_timeout_sec: 0.1 max_timeout_sec: 180.0
Trajectory dumped to jobs/2026-07-16__18-43-00/harbor_tasks__ubZ7bLM/agent/trajectory.json
Sending keys: ['cat tests/config/test_config.py\n'] min_timeout_sec: 0.1 max_timeout_sec: 180.0
Trajectory dumped to jobs/2026-07-16__18-43-00/harbor_tasks__ubZ7bLM/agent/trajectory.json
Sending keys: ['cat pylint/lint/run.py\n'] min_timeout_sec: 0.1 max_timeout_sec: 180.0
Sending keys: ['cat pylint/testutils/_run.py\n'] min_timeout_sec: 0.1 max_timeout_sec: 180.0
Trajectory dumped to jobs/2026-07-16__18-43-00/harbor_tasks__ubZ7bLM/agent/trajectory.json
Sending keys: ['git status\n'] min_timeout_sec: 0.1 max_timeout_sec: 180.0
Sending keys: ['git log --oneline -5\n'] min_timeout_sec: 0.1 max_timeout_sec: 180.0
Trajectory dumped to jobs/2026-07-16__18-43-00/harbor_tasks__ubZ7bLM/agent/trajectory.json
Parser warnings: - Extra text detected before JSON object
Sending keys: ['git status 2>&1\n'] min_timeout_sec: 0.1 max_timeout_sec: 180.0
Sending keys: ['git log --oneline -5 2>&1\n'] min_timeout_sec: 0.1 max_timeout_sec: 180.0
Trajectory dumped to jobs/2026-07-16__18-43-00/harbor_tasks__ubZ7bLM/agent/trajectory.json
Sending keys: ['cat pylint/config/arguments_manager.py\n'] min_timeout_sec: 0.1 max_timeout_sec: 180.0
Sending keys: ['grep -n "_parse_command_line_configuration" pylint/config/*.py\n'] min_timeout_sec: 0.1 max_timeout_sec: 180.0
Trajectory dumped to jobs/2026-07-16__18-43-00/harbor_tasks__ubZ7bLM/agent/trajectory.json
Sending keys: ["sed -n '252,350p' pylint/config/arguments_manager.py\n"] min_timeout_sec: 0.1 max_timeout_sec: 180.0
Trajectory dumped to jobs/2026-07-16__18-43-00/harbor_tasks__ubZ7bLM/agent/trajectory.json
Sending keys: ['git diff HEAD\n'] min_timeout_sec: 0.1 max_timeout_sec: 180.0
Sending keys: ['pip list 2>/dev/null | grep -i pylint\n'] min_timeout_sec: 0.1 max_timeout_sec: 180.0
Trajectory dumped to jobs/2026-07-16__18-43-00/harbor_tasks__ubZ7bLM/agent/trajectory.json
Sending keys: ['cd /app && python -m pytest tests/config/test_config.py -v -k "unknown_option" 2>&1\n'] min_timeout_sec: 2.0 max_timeout_sec: 180.0
Trajectory dumped to jobs/2026-07-16__18-43-00/harbor_tasks__ubZ7bLM/agent/trajectory.json
Sending keys: ['python -m pytest tests/config/test_config.py -v -k "unknown" 2>&1\n'] min_timeout_sec: 2.0 max_timeout_sec: 180.0
Trajectory dumped to jobs/2026-07-16__18-43-00/harbor_tasks__ubZ7bLM/agent/trajectory.json
Sending keys: ['grep -r "_UnrecognizedOptionError" tests/ --include="*.py"\n'] min_timeout_sec: 0.1 max_timeout_sec: 180.0
Sending keys: ['grep -r "unrecognized" tests/ --include="*.py"\n'] min_timeout_sec: 0.1 max_timeout_sec: 180.0
Trajectory dumped to jobs/2026-07-16__18-43-00/harbor_tasks__ubZ7bLM/agent/trajectory.json
Sending keys: ['cat tests/config/test_argparse_config.py\n'] min_timeout_sec: 0.1 max_timeout_sec: 180.0
Trajectory dumped to jobs/2026-07-16__18-43-00/harbor_tasks__ubZ7bLM/agent/trajectory.json
Sending keys: ['grep -r "unrecognized-option" pylint/ --include="*.py"\n'] min_timeout_sec: 0.1 max_timeout_sec: 180.0
Sending keys: ['grep -r "_UnrecognizedOptionError" pylint/ --include="*.py"\n'] min_timeout_sec: 0.1 max_timeout_sec: 180.0
Trajectory dumped to jobs/2026-07-16__18-43-00/harbor_tasks__ubZ7bLM/agent/trajectory.json
Sending keys: ['grep -n "_UnrecognizedOptionError" pylint/config/arguments_manager.py\n'] min_timeout_sec: 0.1 max_timeout_sec: 180.0
Sending keys: ["sed -n '1,50p' pylint/config/arguments_manager.py\n"] min_timeout_sec: 0.1 max_timeout_sec: 180.0
Trajectory dumped to jobs/2026-07-16__18-43-00/harbor_tasks__ubZ7bLM/agent/trajectory.json
Sending keys: ["sed -n '230,260p' pylint/config/arguments_manager.py\n"] min_timeout_sec: 0.1 max_timeout_sec: 180.0
Trajectory dumped to jobs/2026-07-16__18-43-00/harbor_tasks__ubZ7bLM/agent/trajectory.json
Sending keys: ['cd /app && python -m pytest tests/config/ -v 2>&1\n'] min_timeout_sec: 5.0 max_timeout_sec: 180.0
Trajectory dumped to jobs/2026-07-16__18-43-00/harbor_tasks__ubZ7bLM/agent/trajectory.json
Sending keys: ['python -c "import sys; sys.exit(1)" 2>&1\n'] min_timeout_sec: 0.1 max_timeout_sec: 180.0
Trajectory dumped to jobs/2026-07-16__18-43-00/harbor_tasks__ubZ7bLM/agent/trajectory.json
Sending keys: ['git diff tests/config/test_config.py\n'] min_timeout_sec: 0.1 max_timeout_sec: 180.0
Sending keys: ['git show HEAD:tests/config/test_config.py | head -80\n'] min_timeout_sec: 0.1 max_timeout_sec: 180.0
Trajectory dumped to jobs/2026-07-16__18-43-00/harbor_tasks__ubZ7bLM/agent/trajectory.json
Parser warnings: - Extra text detected before JSON object
Sending keys: ['cd /app && git diff tests/config/test_config.py\n'] min_timeout_sec: 0.1 max_timeout_sec: 180.0
Sending keys: ['git show HEAD:tests/config/test_config.py | head -80\n'] min_timeout_sec: 0.2 max_timeout_sec: 180.0
Trajectory dumped to jobs/2026-07-16__18-43-00/harbor_tasks__ubZ7bLM/agent/trajectory.json
Parser warnings: - Extra text detected before JSON object
Sending keys: ['q'] min_timeout_sec: 0.1 max_timeout_sec: 180.0
Trajectory dumped to jobs/2026-07-16__18-43-00/harbor_tasks__ubZ7bLM/agent/trajectory.json
Sending keys: ['git --no-pager diff tests/config/test_config.py\n'] min_timeout_sec: 0.1 max_timeout_sec: 180.0
Sending keys: ['git --no-pager show HEAD:tests/config/test_config.py | head -80\n'] min_timeout_sec: 0.1 max_timeout_sec: 180.0
Trajectory dumped to jobs/2026-07-16__18-43-00/harbor_tasks__ubZ7bLM/agent/trajectory.json
Sending keys: ['cat > /tmp/test_exit.py << \'EOF\'\nimport sys\nclass _UnrecognizedOptionError(SystemExit):\n    def __init__(self, options: list[str], *args: object) -> None:\n        self.options = options\n        super().__init__(*args)\n\ntry:\n    raise _UnrecognizedOptionError(options=["test"])\nexcept _UnrecognizedOptionError as e:\n    print(f"Caught: {e.options}")\n    print(f"Code: {e.code}")\nEOF\npython /tmp/test_exit.py\n'] min_timeout_sec: 0.2 max_timeout_sec: 180.0
Trajectory dumped to jobs/2026-07-16__18-43-00/harbor_tasks__ubZ7bLM/agent/trajectory.json
Sending keys: ['cat pylint/config/exceptions.py\n'] min_timeout_sec: 0.1 max_timeout_sec: 180.0
Trajectory dumped to jobs/2026-07-16__18-43-00/harbor_tasks__ubZ7bLM/agent/trajectory.json
Sending keys: ['cat > pylint/config/exceptions.py << \'EOF\'\n# Licensed under the GPL: https://www.gnu.org/licenses/old-licenses/gpl-2.0.html\n# For details: https://github.com/PyCQA/pylint/blob/main/LICENSE\n# Copyright (c) https://github.com/PyCQA/pylint/blob/main/CONTRIBUTORS.txt\n\nfrom __future__ import annotations\n\n\nclass UnrecognizedArgumentAction(Exception):\n    """Raised if an ArgumentManager instance tries to add an argument for which the action\n    is not recognized.\n    """\n\n\nclass _UnrecognizedOptionError(SystemExit):\n    """Raised if an ArgumentManager instance tries to parse an option that is unknown."""\n\n    def __init__(self, options: list[str], *args: object) -> None:\n        self.options = options\n        super().__init__(32, *args)\n\n\nclass ArgumentPreprocessingError(Exception):\n    """Raised if an error occurs during argument pre-processing."""\nEOF\n'] min_timeout_sec: 0.1 max_timeout_sec: 180.0
Trajectory dumped to jobs/2026-07-16__18-43-00/harbor_tasks__ubZ7bLM/agent/trajectory.json
Sending keys: ['cd /app && python -m pytest tests/config/test_config.py -v -k "unknown_option" 2>&1\n'] min_timeout_sec: 2.0 max_timeout_sec: 180.0
Trajectory dumped to jobs/2026-07-16__18-43-00/harbor_tasks__ubZ7bLM/agent/trajectory.json
Sending keys: ['cd /app && python -m pytest tests/config/ -v 2>&1\n'] min_timeout_sec: 5.0 max_timeout_sec: 180.0
Trajectory dumped to jobs/2026-07-16__18-43-00/harbor_tasks__ubZ7bLM/agent/trajectory.json
Sending keys: ['cd /app && python -m pylint -Q 2>&1\n'] min_timeout_sec: 1.0 max_timeout_sec: 180.0
Trajectory dumped to jobs/2026-07-16__18-43-00/harbor_tasks__ubZ7bLM/agent/trajectory.json
Sending keys: ['cd /app && PYTHONPATH=/app python -c "\nfrom pylint.config.exceptions import _UnrecognizedOptionError\ntry:\n    raise _UnrecognizedOptionError(options=[\'test\'])\nexcept _UnrecognizedOptionError as e:\n    print(\'Caught _UnrecognizedOptionError:\', e.options)\n    print(\'Code:\', e.code)\nprint(\'Program continues after catch\')\n"\n'] min_timeout_sec: 0.2 max_timeout_sec: 180.0
Trajectory dumped to jobs/2026-07-16__18-43-00/harbor_tasks__ubZ7bLM/agent/trajectory.json
Parser warnings: - Extra text detected before JSON object
Sending keys: ['cd /app && PYTHONPATH=/app python -c "\nfrom pylint.config.exceptions import _UnrecognizedOptionError\nprint(\'Before raise\')\ntry:\n    raise _UnrecognizedOptionError(options=[\'test\'])\nexcept _UnrecognizedOptionError as e:\n    import sys\n    print(\'Caught _UnrecognizedOptionError:\', e.options, file=sys.stderr)\n    print(\'Code:\', e.code, file=sys.stderr)\nprint(\'Program continues after catch\')\n" 2>&1\n'] min_timeout_sec: 0.3 max_timeout_sec: 180.0
Trajectory dumped to jobs/2026-07-16__18-43-00/harbor_tasks__ubZ7bLM/agent/trajectory.json
Parser warnings: - Extra text detected before JSON object
Sending keys: ['\n'] min_timeout_sec: 0.1 max_timeout_sec: 180.0
Trajectory dumped to jobs/2026-07-16__18-43-00/harbor_tasks__ubZ7bLM/agent/trajectory.json
Sending keys: ['cd /app && PYTHONPATH=/app python -c "\nfrom pylint.config.exceptions import _UnrecognizedOptionError\nraise _UnrecognizedOptionError(options=[\'test\'])\n" 2>&1\n'] min_timeout_sec: 0.2 max_timeout_sec: 180.0
Sending keys: ['echo "Exit code: $?"\n'] min_timeout_sec: 0.1 max_timeout_sec: 180.0
Trajectory dumped to jobs/2026-07-16__18-43-00/harbor_tasks__ubZ7bLM/agent/trajectory.json
Parser warnings: - No valid JSON object found
Sending keys: ['cd /app && PYTHONPATH=/app python -c "from pylint.config.exceptions import _UnrecognizedOptionError; raise _UnrecognizedOptionError(options=[\'test\'])" 2>&1; echo "Exit code: $?"\n'] min_timeout_sec: 0.3 max_timeout_sec: 180.0
Trajectory dumped to jobs/2026-07-16__18-43-00/harbor_tasks__ubZ7bLM/agent/trajectory.json
Sending keys: ['cd /app && python -m pytest tests/config/ tests/lint/ -v 2>&1 | tail -50\n'] min_timeout_sec: 10.0 max_timeout_sec: 180.0
Trajectory dumped to jobs/2026-07-16__18-43-00/harbor_tasks__ubZ7bLM/agent/trajectory.json
Sending keys: ['cd /app && python -m pytest tests/config/ -v 2>&1 | grep -E "(PASSED|FAILED|ERROR|passed|failed|error)"\n'] min_timeout_sec: 3.0 max_timeout_sec: 180.0
Trajectory dumped to jobs/2026-07-16__18-43-00/harbor_tasks__ubZ7bLM/agent/trajectory.json
Sending keys: ['cd /app && python -m pytest tests/ -v --ignore=tests/lint/test_pylinter.py -x 2>&1 | tail -30\n'] min_timeout_sec: 30.0 max_timeout_sec: 180.0
Trajectory dumped to jobs/2026-07-16__18-43-00/harbor_tasks__ubZ7bLM/agent/trajectory.json
Sending keys: ['cd /app && python -m pytest tests/config/ tests/functional/ -v 2>&1 | tail -40\n'] min_timeout_sec: 15.0 max_timeout_sec: 180.0
Trajectory dumped to jobs/2026-07-16__18-43-00/harbor_tasks__ubZ7bLM/agent/trajectory.json
Sending keys: ['cat pylint/config/exceptions.py\n'] min_timeout_sec: 0.1 max_timeout_sec: 180.0
Trajectory dumped to jobs/2026-07-16__18-43-00/harbor_tasks__ubZ7bLM/agent/trajectory.json
Trajectory dumped to jobs/2026-07-16__18-43-00/harbor_tasks__ubZ7bLM/agent/trajectory.json
Trajectory dumped to jobs/2026-07-16__18-43-00/harbor_tasks__ubZ7bLM/agent/trajectory.json
Trajectory dumped to jobs/2026-07-16__18-43-00/harbor_tasks__ubZ7bLM/agent/trajectory.json
Collecting main service artifacts
