Skipping image OS validation for hb__1e8c0036df2ab6a2125d79ccd77087bc: docker inspect returned 1
Trajectory dumped to jobs/2026-07-16__18-43-00/harbor_tasks__ubZ7bLM/agent/trajectory.json
Trajectory dumped to jobs/2026-07-16__18-43-00/harbor_tasks__ubZ7bLM/agent/trajectory.json
Trajectory dumped to jobs/2026-07-16__18-43-00/harbor_tasks__ubZ7bLM/agent/trajectory.json
Trajectory dumped to jobs/2026-07-16__18-43-00/harbor_tasks__ubZ7bLM/agent/trajectory.json
Trajectory dumped to jobs/2026-07-16__18-43-00/harbor_tasks__ubZ7bLM/agent/trajectory.json
Trajectory dumped to jobs/2026-07-16__18-43-00/harbor_tasks__ubZ7bLM/agent/trajectory.json
Parser warnings: - Extra text detected before JSON object
Trajectory dumped to jobs/2026-07-16__18-43-00/harbor_tasks__ubZ7bLM/agent/trajectory.json
Trajectory dumped to jobs/2026-07-16__18-43-00/harbor_tasks__ubZ7bLM/agent/trajectory.json
Trajectory dumped to jobs/2026-07-16__18-43-00/harbor_tasks__ubZ7bLM/agent/trajectory.json
Trajectory dumped to jobs/2026-07-16__18-43-00/harbor_tasks__ubZ7bLM/agent/trajectory.json
Trajectory dumped to jobs/2026-07-16__18-43-00/harbor_tasks__ubZ7bLM/agent/trajectory.json
Trajectory dumped to jobs/2026-07-16__18-43-00/harbor_tasks__ubZ7bLM/agent/trajectory.json
Trajectory dumped to jobs/2026-07-16__18-43-00/harbor_tasks__ubZ7bLM/agent/trajectory.json
Trajectory dumped to jobs/2026-07-16__18-43-00/harbor_tasks__ubZ7bLM/agent/trajectory.json
Trajectory dumped to jobs/2026-07-16__18-43-00/harbor_tasks__ubZ7bLM/agent/trajectory.json
Trajectory dumped to jobs/2026-07-16__18-43-00/harbor_tasks__ubZ7bLM/agent/trajectory.json
Trajectory dumped to jobs/2026-07-16__18-43-00/harbor_tasks__ubZ7bLM/agent/trajectory.json
Trajectory dumped to jobs/2026-07-16__18-43-00/harbor_tasks__ubZ7bLM/agent/trajectory.json
Trajectory dumped to jobs/2026-07-16__18-43-00/harbor_tasks__ubZ7bLM/agent/trajectory.json
Trajectory dumped to jobs/2026-07-16__18-43-00/harbor_tasks__ubZ7bLM/agent/trajectory.json
Parser warnings: - Extra text detected before JSON object
Trajectory dumped to jobs/2026-07-16__18-43-00/harbor_tasks__ubZ7bLM/agent/trajectory.json
Parser warnings: - Extra text detected before JSON object
Trajectory dumped to jobs/2026-07-16__18-43-00/harbor_tasks__ubZ7bLM/agent/trajectory.json
Trajectory dumped to jobs/2026-07-16__18-43-00/harbor_tasks__ubZ7bLM/agent/trajectory.json
Trajectory dumped to jobs/2026-07-16__18-43-00/harbor_tasks__ubZ7bLM/agent/trajectory.json
Trajectory dumped to jobs/2026-07-16__18-43-00/harbor_tasks__ubZ7bLM/agent/trajectory.json
Trajectory dumped to jobs/2026-07-16__18-43-00/harbor_tasks__ubZ7bLM/agent/trajectory.json
Trajectory dumped to jobs/2026-07-16__18-43-00/harbor_tasks__ubZ7bLM/agent/trajectory.json
Trajectory dumped to jobs/2026-07-16__18-43-00/harbor_tasks__ubZ7bLM/agent/trajectory.json
Trajectory dumped to jobs/2026-07-16__18-43-00/harbor_tasks__ubZ7bLM/agent/trajectory.json
Trajectory dumped to jobs/2026-07-16__18-43-00/harbor_tasks__ubZ7bLM/agent/trajectory.json
Parser warnings: - Extra text detected before JSON object
Trajectory dumped to jobs/2026-07-16__18-43-00/harbor_tasks__ubZ7bLM/agent/trajectory.json
Parser warnings: - Extra text detected before JSON object
Trajectory dumped to jobs/2026-07-16__18-43-00/harbor_tasks__ubZ7bLM/agent/trajectory.json
Trajectory dumped to jobs/2026-07-16__18-43-00/harbor_tasks__ubZ7bLM/agent/trajectory.json
Parser warnings: - No valid JSON object found
Trajectory dumped to jobs/2026-07-16__18-43-00/harbor_tasks__ubZ7bLM/agent/trajectory.json
Trajectory dumped to jobs/2026-07-16__18-43-00/harbor_tasks__ubZ7bLM/agent/trajectory.json
Trajectory dumped to jobs/2026-07-16__18-43-00/harbor_tasks__ubZ7bLM/agent/trajectory.json
Trajectory dumped to jobs/2026-07-16__18-43-00/harbor_tasks__ubZ7bLM/agent/trajectory.json
Trajectory dumped to jobs/2026-07-16__18-43-00/harbor_tasks__ubZ7bLM/agent/trajectory.json
Trajectory dumped to jobs/2026-07-16__18-43-00/harbor_tasks__ubZ7bLM/agent/trajectory.json
Trajectory dumped to jobs/2026-07-16__18-43-00/harbor_tasks__ubZ7bLM/agent/trajectory.json
Trajectory dumped to jobs/2026-07-16__18-43-00/harbor_tasks__ubZ7bLM/agent/trajectory.json
Trajectory dumped to jobs/2026-07-16__18-43-00/harbor_tasks__ubZ7bLM/agent/trajectory.json
Collecting main service artifacts
